// Bun Snapshot v1, https://goo.gl/fbAQLP

exports[`ProjectList Component should match the snapshot 1`] = `
"<DocumentFragment>
  <section
    class="animate scroll-mt-16"
    id="projects"
  >
    <div
      class="space-y-4"
    >
      <div
        class="flex justify-between"
      >
        <p
          class="font-semibold text-black dark:text-white"
        >
          Projects
        </p>
      </div>
      <ul
        class="space-y-4"
      >
        <li>
          <a
            class="group p-4 gap-3 flex items-center border rounded-lg hover:bg-black/5 hover:dark:bg-white/10 border-black/15 dark:border-white/20 transition-colors duration-300 ease-in-out"
            data-testid="projectItem"
            href="https://www.memory-game.lukaszkosobucki.pl/"
            target="_blank"
          >
            <div
              class="w-full group-hover:text-black group-hover:dark:text-white blend"
            >
              <div
                class="flex flex-wrap items-center gap-2"
              >
                <div
                  class="text-sm uppercase"
                >
                  Jan 2023
                </div>
              </div>
              <div
                class="font-semibold mt-3 text-black dark:text-white"
              >
                Memory Game
              </div>
              <div
                class="text-sm line-clamp-2"
              >
                Key challenge was mobile optimization. Used tools like Figma, SonarCloud, and Firestore for design, scanning, and leaderboard features.
              </div>
              <ul
                class="flex flex-wrap mt-2 gap-1"
              >
                <li
                  class="text-xs uppercase py-0.5 px-1 rounded bg-black/5 dark:bg-white/20 text-black/75 dark:text-white/75"
                >
                  Typescript
                </li>
                <li
                  class="text-xs uppercase py-0.5 px-1 rounded bg-black/5 dark:bg-white/20 text-black/75 dark:text-white/75"
                >
                  React
                </li>
                <li
                  class="text-xs uppercase py-0.5 px-1 rounded bg-black/5 dark:bg-white/20 text-black/75 dark:text-white/75"
                >
                  xState
                </li>
                <li
                  class="text-xs uppercase py-0.5 px-1 rounded bg-black/5 dark:bg-white/20 text-black/75 dark:text-white/75"
                >
                  Jest
                </li>
              </ul>
            </div>
            <svg
              class="stroke-current group-hover:stroke-black group-hover:dark:stroke-white"
              fill="none"
              height="20"
              stroke-linecap="round"
              stroke-linejoin="round"
              stroke-width="2.5"
              viewBox="0 0 24 24"
              width="20"
              xmlns="http://www.w3.org/2000/svg"
            >
              <line
                class="scale-x-0 group-hover:scale-x-100 translate-x-4 group-hover:translate-x-1 transition-all duration-300 ease-in-out"
                x1="5"
                x2="19"
                y1="12"
                y2="12"
              />
              <polyline
                class="translate-x-0 group-hover:translate-x-1 transition-all duration-300 ease-in-out"
                points="12 5 19 12 12 19"
              />
            </svg>
          </a>
        </li>
      </ul>
    </div>
  </section>
</DocumentFragment>"
`;
